// Jest Snapshot v1, https://goo.gl/fbAQLP

exports[`matches snapshot 1`] = `
<DocumentFragment>
  <div>
    <nav
      class="navbar navbar-expand-md bg-warning"
    >
      <a
        aria-current="page"
        class="navbar-brand active"
        href="/"
      >
        Shoply
      </a>
      <ul
        class="ml-auto nav"
      >
        <li
          class="nav-item"
        >
          <a
            href="/cart"
          >
            Cart 
          </a>
        </li>
      </ul>
    </nav>
  </div>
</DocumentFragment>
`;
